// Jest Snapshot v1, https://goo.gl/fbAQLP

exports[`The Pagination component Default should renders correctly 1`] = `"<div class=\\"pagination\\"><div class=\\"pagination_desktop\\"><button type=\\"button\\" class=\\"pagination__button pagination__button--active\\">1</button><button type=\\"button\\" class=\\"pagination__button\\">2</button><button type=\\"button\\" class=\\"pagination__button\\">0</button></div><div class=\\"pagination_mobile\\"><div class=\\"pagination\\"><button type=\\"button\\" class=\\"pagination__button pagination__button--active\\">1</button><button type=\\"button\\" class=\\"pagination__button\\">2</button></div></div></div>"`;
