// Jest Snapshot v1, https://goo.gl/fbAQLP

exports[`The BreadCrumbs component should renders correctly 1`] = `"<nav class=\\"bread-crumbs\\"><ul class=\\"bread-crumbs__box\\"><li class=\\"bread-crumbs__item\\"><a class=\\"bread-crumbs__link_first\\" href=\\"/test\\">Test</a></li><li class=\\"bread-crumbs__item\\"><a class=\\"bread-crumbs__link\\" href=\\"/test/info\\">Info</a></li><li class=\\"bread-crumbs__item\\"><a class=\\"bread-crumbs__link\\" href=\\"/test/info/address\\">Address</a></li></ul></nav>"`;
