// Jest Snapshot v1, https://goo.gl/fbAQLP

exports[`The Tabs component should renders correctly 1`] = `"<nav class=\\"tabs tabs--theme--navigate\\"><ul class=\\"tabs__box\\"><li class=\\"tabs__item\\"><a class=\\"tabs__link\\" href=\\"/test\\">test</a></li><li class=\\"tabs__item\\"><a class=\\"tabs__link\\" href=\\"/test2\\">test2</a></li><li class=\\"tabs__item\\"><a class=\\"tabs__link\\" href=\\"/test3\\">test3</a></li></ul></nav>"`;
