// Jest Snapshot v1, https://goo.gl/fbAQLP

exports[`The RadioButton component should renders correctly 1`] = `"<div class=\\"radio-button\\"><div class=\\"radio-button__item radio-button__item--checked\\"><label for=\\"radio-button-NONE\\" class=\\"radio-button__box radio-button__box--checked\\">None</label><input type=\\"radio\\" id=\\"radio-button-NONE\\" name=\\"radio-button\\" value=\\"NONE\\" data-value=\\"NONE\\" checked=\\"\\"/></div><div class=\\"radio-button__item\\"><label for=\\"radio-button-ONE\\" class=\\"radio-button__box\\">One</label><input type=\\"radio\\" id=\\"radio-button-ONE\\" name=\\"radio-button\\" value=\\"ONE\\" data-value=\\"ONE\\"/></div><div class=\\"radio-button__item\\"><label for=\\"radio-button-ALL\\" class=\\"radio-button__box\\">All</label><input type=\\"radio\\" id=\\"radio-button-ALL\\" name=\\"radio-button\\" value=\\"ALL\\" data-value=\\"ALL\\"/></div></div>"`;
